[    0.000000] Linux version 4.15.0-33-generic (buildd@lcy01-amd64-024) (gcc version 7.3.0 (Ubuntu 7.3.0-16ubuntu3)) #36-Ubuntu SMP Wed Aug 15 16:00:05 UTC 2018 (Ubuntu 4.15.0-33.36-generic 4.15.18)
[    0.000000] Command line: BOOT_IMAGE=/boot/vmlinuz-4.15.0-33-generic root=LABEL=cloudimg-rootfs ro console=tty1 console=ttyS0
[    0.000000] KERNEL supported cpus:
[    0.000000]   Intel GenuineIntel
[    0.000000]   AMD AuthenticAMD
[    0.000000]   Centaur CentaurHauls
[    0.000000] ------------[ cut here ]------------
[    0.000000] XSAVE consistency problem, dumping leaves
[    0.000000] WARNING: CPU: 0 PID: 0 at /build/linux-81MBYC/linux-4.15.0/arch/x86/kernel/fpu/xstate.c:614 do_extra_xstate_size_checks+0x303/0x3e6
[    0.000000] Modules linked in:
[    0.000000] CPU: 0 PID: 0 Comm: swapper Not tainted 4.15.0-33-generic #36-Ubuntu
[    0.000000] RIP: 0010:do_extra_xstate_size_checks+0x303/0x3e6
[    0.000000] RSP: 0000:ffffffff96203d50 EFLAGS: 00010086 ORIG_RAX: 0000000000000000
[    0.000000] RAX: 0000000000000000 RBX: 000000000000000a RCX: ffffffff962626e8
[    0.000000] RDX: 0000000000000001 RSI: 0000000000000086 RDI: 0000000000000047
[    0.000000] RBP: ffffffff96203d90 R08: 657661656c20676e R09: 0000000000000007
[    0.000000] R10: ffffffff96459740 R11: 0000000000000000 R12: 0000000000000100
[    0.000000] R13: 0000000000000340 R14: ffffffff96203d54 R15: ffffffff96203d50
[    0.000000] FS:  0000000000000000(0000) GS:ffffffff9647e000(0000) knlGS:0000000000000000
[    0.000000] CS:  0010 DS: 0000 ES: 0000 CR0: 0000000080050033
[    0.000000] CR2: ffff88000008a000 CR3: 0000000006d20000 CR4: 00000000000406a0
[    0.000000] Call Trace:
[    0.000000]  fpu__init_system_xstate+0x183/0x484
[    0.000000]  fpu__init_system+0x213/0x265
[    0.000000]  ? early_init_intel+0x70/0x450
[    0.000000]  early_cpu_init+0x201/0x208
[    0.000000]  ? 0xffffffff94e00000
[    0.000000]  setup_arch+0xcb/0xc82
[    0.000000]  ? printk+0x52/0x6e
[    0.000000]  start_kernel+0x6d/0x4fd
[    0.000000]  x86_64_start_reservations+0x24/0x26
[    0.000000]  x86_64_start_kernel+0x74/0x77
[    0.000000]  secondary_startup_64+0xa5/0xb0
[    0.000000] Code: ff ff 44 3b 2d ad 2d 8b 01 0f 84 d5 00 00 00 80 3d ea 3e 5d 01 00 75 29 48 c7 c7 a8 86 eb 95 c6 05 da 3e 5d 01 01 e8 23 02 05 00 <0f> 0b eb 12 83 3d a8 03 3f 01 00 0f 84 af fe ff ff e9 a5 fe ff 
[    0.000000] random: get_random_bytes called from print_oops_end_marker+0x3f/0x60 with crng_init=0
[    0.000000] ---[ end trace a1639e6d113ede89 ]---
[    0.000000] CPUID[0d, 00]: eax=00000007 ebx=00000440 ecx=00000440 edx=00000000
[    0.000000] CPUID[0d, 01]: eax=00000000 ebx=000003c0 ecx=00000000 edx=00000000
[    0.000000] CPUID[0d, 02]: eax=00000100 ebx=00000240 ecx=00000000 edx=00000000
[    0.000000] CPUID[0d, 03]: eax=00000000 ebx=00000000 ecx=00000000 edx=00000000
[    0.000000] CPUID[0d, 04]: eax=00000000 ebx=00000000 ecx=00000000 edx=00000000
[    0.000000] CPUID[0d, 05]: eax=00000000 ebx=00000000 ecx=00000000 edx=00000000
[    0.000000] CPUID[0d, 06]: eax=00000000 ebx=00000000 ecx=00000000 edx=00000000
[    0.000000] CPUID[0d, 07]: eax=00000000 ebx=00000000 ecx=00000000 edx=00000000
[    0.000000] CPUID[0d, 08]: eax=00000000 ebx=00000000 ecx=00000000 edx=00000000
[    0.000000] CPUID[0d, 09]: eax=00000000 ebx=00000000 ecx=00000000 edx=00000000
[    0.000000] CPUID[0d, 0a]: eax=00000000 ebx=00000000 ecx=00000000 edx=00000000
[    0.000000] CPUID[0d, 0b]: eax=00000000 ebx=00000000 ecx=00000000 edx=00000000
[    0.000000] CPUID[0d, 0c]: eax=00000000 ebx=00000000 ecx=00000000 edx=00000000
[    0.000000] CPUID[0d, 0d]: eax=00000000 ebx=00000000 ecx=00000000 edx=00000000
[    0.000000] CPUID[0d, 0e]: eax=00000000 ebx=00000000 ecx=00000000 edx=00000000
[    0.000000] CPUID[0d, 0f]: eax=00000000 ebx=00000000 ecx=00000000 edx=00000000
[    0.000000] CPUID[0d, 10]: eax=00000000 ebx=00000000 ecx=00000000 edx=00000000
[    0.000000] CPUID[0d, 11]: eax=00000000 ebx=00000000 ecx=00000000 edx=00000000
[    0.000000] CPUID[0d, 12]: eax=00000000 ebx=00000000 ecx=00000000 edx=00000000
[    0.000000] CPUID[0d, 13]: eax=00000000 ebx=00000000 ecx=00000000 edx=00000000
[    0.000000] x86/fpu: Supporting XSAVE feature 0x001: 'x87 floating point registers'
[    0.000000] x86/fpu: Supporting XSAVE feature 0x002: 'SSE registers'
[    0.000000] x86/fpu: Supporting XSAVE feature 0x004: 'AVX registers'
[    0.000000] x86/fpu: xstate_offset[2]:  576, xstate_sizes[2]:  256
[    0.000000] x86/fpu: Enabled xstate features 0x7, context size is 1088 bytes, using 'standard' format.
[    0.000000] e820: BIOS-provided physical RAM map:
[    0.000000] BIOS-e820: [mem 0x0000000000000000-0x000000000009fbff] usable
[    0.000000] BIOS-e820: [mem 0x000000000009fc00-0x000000000009ffff] reserved
[    0.000000] BIOS-e820: [mem 0x00000000000f0000-0x00000000000fffff] reserved
[    0.000000] BIOS-e820: [mem 0x0000000000100000-0x000000007ffeffff] usable
[    0.000000] BIOS-e820: [mem 0x000000007fff0000-0x000000007fffffff] ACPI data
[    0.000000] BIOS-e820: [mem 0x00000000fec00000-0x00000000fec00fff] reserved
[    0.000000] BIOS-e820: [mem 0x00000000fee00000-0x00000000fee00fff] reserved
[    0.000000] BIOS-e820: [mem 0x00000000fffc0000-0x00000000ffffffff] reserved
[    0.000000] NX (Execute Disable) protection: active
[    0.000000] SMBIOS 2.5 present.
[    0.000000] DMI: innotek GmbH VirtualBox/VirtualBox, BIOS VirtualBox 12/01/2006
[    0.000000] Hypervisor detected: KVM
[    0.000000] e820: last_pfn = 0x7fff0 max_arch_pfn = 0x400000000
[    0.000000] MTRR: Disabled
[    0.000000] x86/PAT: MTRRs disabled, skipping PAT initialization too.
[    0.000000] CPU MTRRs all blank - virtualized system.
[    0.000000] x86/PAT: Configuration [0-7]: WB  WT  UC- UC  WB  WT  UC- UC  
[    0.000000] found SMP MP-table at [mem 0x0009fff0-0x0009ffff] mapped at [        (ptrval)]
[    0.000000] Scanning 1 areas for low memory corruption
[    0.000000] RAMDISK: [mem 0x35ae5000-0x36d69fff]
[    0.000000] ACPI: Early table checksum verification disabled
[    0.000000] ACPI: RSDP 0x00000000000E0000 000024 (v02 VBOX  )
[    0.000000] ACPI: XSDT 0x000000007FFF0030 00003C (v01 VBOX   VBOXXSDT 00000001 ASL  00000061)
[    0.000000] ACPI: FACP 0x000000007FFF00F0 0000F4 (v04 VBOX   VBOXFACP 00000001 ASL  00000061)
[    0.000000] ACPI: DSDT 0x000000007FFF0470 0021FF (v02 VBOX   VBOXBIOS 00000002 INTL 20160108)
[    0.000000] ACPI: FACS 0x000000007FFF0200 000040
[    0.000000] ACPI: FACS 0x000000007FFF0200 000040
[    0.000000] ACPI: APIC 0x000000007FFF0240 00005C (v02 VBOX   VBOXAPIC 00000001 ASL  00000061)
[    0.000000] ACPI: SSDT 0x000000007FFF02A0 0001CC (v01 VBOX   VBOXCPUT 00000002 INTL 20160108)
[    0.000000] No NUMA configuration found
[    0.000000] Faking a node at [mem 0x0000000000000000-0x000000007ffeffff]
[    0.000000] NODE_DATA(0) allocated [mem 0x7ffc5000-0x7ffeffff]
[    0.000000] kvm-clock: cpu 0, msr 0:7ff44001, primary cpu clock
[    0.000000] kvm-clock: Using msrs 4b564d01 and 4b564d00
[    0.000000] kvm-clock: using sched offset of 3065761178 cycles
[    0.000000] clocksource: kvm-clock: mask: 0xffffffffffffffff max_cycles: 0x1cd42e4dffb, max_idle_ns: 881590591483 ns
[    0.000000] Zone ranges:
[    0.000000]   DMA      [mem 0x0000000000001000-0x0000000000ffffff]
[    0.000000]   DMA32    [mem 0x0000000001000000-0x000000007ffeffff]
[    0.000000]   Normal   empty
[    0.000000]   Device   empty
[    0.000000] Movable zone start for each node
[    0.000000] Early memory node ranges
[    0.000000]   node   0: [mem 0x0000000000001000-0x000000000009efff]
[    0.000000]   node   0: [mem 0x0000000000100000-0x000000007ffeffff]
[    0.000000] Initmem setup node 0 [mem 0x0000000000001000-0x000000007ffeffff]
[    0.000000] Reserved but unavailable: 98 pages
[    0.000000] ACPI: PM-Timer IO Port: 0x4008
[    0.000000] IOAPIC[0]: apic_id 2, version 32, address 0xfec00000, GSI 0-23
[    0.000000] ACPI: INT_SRC_OVR (bus 0 bus_irq 0 global_irq 2 dfl dfl)
[    0.000000] ACPI: INT_SRC_OVR (bus 0 bus_irq 9 global_irq 9 high level)
[    0.000000] Using ACPI (MADT) for SMP configuration information
[    0.000000] smpboot: Allowing 2 CPUs, 0 hotplug CPUs
[    0.000000] PM: Registered nosave memory: [mem 0x00000000-0x00000fff]
[    0.000000] PM: Registered nosave memory: [mem 0x0009f000-0x0009ffff]
[    0.000000] PM: Registered nosave memory: [mem 0x000a0000-0x000effff]
[    0.000000] PM: Registered nosave memory: [mem 0x000f0000-0x000fffff]
[    0.000000] e820: [mem 0x80000000-0xfebfffff] available for PCI devices
[    0.000000] Booting paravirtualized kernel on KVM
[    0.000000] clocksource: refined-jiffies: mask: 0xffffffff max_cycles: 0xffffffff, max_idle_ns: 7645519600211568 ns
[    0.000000] setup_percpu: NR_CPUS:8192 nr_cpumask_bits:2 nr_cpu_ids:2 nr_node_ids:1
[    0.000000] percpu: Embedded 46 pages/cpu @        (ptrval) s151552 r8192 d28672 u1048576
[    0.000000] PV qspinlock hash table entries: 256 (order: 0, 4096 bytes)
[    0.000000] Built 1 zonelists, mobility grouping on.  Total pages: 515961
[    0.000000] Policy zone: DMA32
[    0.000000] Kernel command line: BOOT_IMAGE=/boot/vmlinuz-4.15.0-33-generic root=LABEL=cloudimg-rootfs ro console=tty1 console=ttyS0
[    0.000000] Memory: 2015812K/2096696K available (12300K kernel code, 2470K rwdata, 4244K rodata, 2408K init, 2416K bss, 80884K reserved, 0K cma-reserved)
[    0.000000] SLUB: HWalign=64, Order=0-3, MinObjects=0, CPUs=2, Nodes=1
[    0.000000] Kernel/User page tables isolation: enabled
[    0.000000] ftrace: allocating 39121 entries in 153 pages
[    0.004000] Hierarchical RCU implementation.
[    0.004000] 	RCU restricting CPUs from NR_CPUS=8192 to nr_cpu_ids=2.
[    0.004000] 	Tasks RCU enabled.
[    0.004000] RCU: Adjusting geometry for rcu_fanout_leaf=16, nr_cpu_ids=2
[    0.004000] NR_IRQS: 524544, nr_irqs: 440, preallocated irqs: 16
[    0.004000] Console: colour VGA+ 80x25
[    0.004000] console [tty1] enabled
[    0.004000] console [ttyS0] enabled
[    0.004000] ACPI: Core revision 20170831
[    0.004000] ACPI: 2 ACPI AML tables successfully acquired and loaded
[    0.004000] APIC: Switch to symmetric I/O mode setup
[    0.004000] x2apic enabled
[    0.004000] Switched APIC routing to physical x2apic.
[    0.004000] ..TIMER: vector=0x30 apic1=0 pin1=2 apic2=-1 pin2=-1
[    0.004003] tsc: Detected 2904.000 MHz processor
[    0.004673] Calibrating delay loop (skipped) preset value.. 5808.00 BogoMIPS (lpj=11616000)
[    0.005109] pid_max: default: 32768 minimum: 301
[    0.005758] Security Framework initialized
[    0.006323] Yama: becoming mindful.
[    0.006834] AppArmor: AppArmor initialized
[    0.008558] Dentry cache hash table entries: 262144 (order: 9, 2097152 bytes)
[    0.012413] Inode-cache hash table entries: 131072 (order: 8, 1048576 bytes)
[    0.016024] Mount-cache hash table entries: 4096 (order: 3, 32768 bytes)
[    0.020015] Mountpoint-cache hash table entries: 4096 (order: 3, 32768 bytes)
[    0.024198] mce: CPU supports 0 MCE banks
[    0.024670] Last level iTLB entries: 4KB 64, 2MB 8, 4MB 8
[    0.027209] Last level dTLB entries: 4KB 64, 2MB 0, 4MB 0, 1GB 4
[    0.028002] Spectre V2 : Mitigation: Full generic retpoline
[    0.028608] Spectre V2 : Spectre v2 mitigation: Filling RSB on context switch
[    0.029387] Speculative Store Bypass: Vulnerable
[    0.030000] Freeing SMP alternatives memory: 36K
[    0.036000] smpboot: CPU0: Intel(R) Core(TM) i7-7500U CPU @ 2.70GHz (family: 0x6, model: 0x8e, stepping: 0x9)
[    0.036070] Performance Events: unsupported p6 CPU model 142 no PMU driver, software events only.
[    0.037209] Hierarchical SRCU implementation.
[    0.038287] NMI watchdog: Perf event create on CPU 0 failed with -2
[    0.040001] NMI watchdog: Perf NMI watchdog permanently disabled
[    0.040784] smp: Bringing up secondary CPUs ...
[    0.041448] x86: Booting SMP configuration:
[    0.042012] .... node  #0, CPUs:      #1
[    0.004000] kvm-clock: cpu 1, msr 0:7ff44041, secondary cpu clock
[    0.004000] mce: CPU supports 0 MCE banks
[    0.044017] smp: Brought up 1 node, 2 CPUs
[    0.044550] smpboot: Max logical packages: 1
[    0.048004] smpboot: Total of 2 processors activated (11616.00 BogoMIPS)
[    0.048954] devtmpfs: initialized
[    0.052046] x86/mm: Memory block size: 128MB
[    0.056165] evm: security.selinux
[    0.056623] evm: security.SMACK64
[    0.057076] evm: security.SMACK64EXEC
[    0.060002] evm: security.SMACK64TRANSMUTE
[    0.060551] evm: security.SMACK64MMAP
[    0.064002] evm: security.apparmor
[    0.068002] evm: security.ima
[    0.072004] evm: security.capability
[    0.076092] clocksource: jiffies: mask: 0xffffffff max_cycles: 0xffffffff, max_idle_ns: 7645041785100000 ns
[    0.077058] futex hash table entries: 512 (order: 3, 32768 bytes)
[    0.077754] pinctrl core: initialized pinctrl subsystem
[    0.078406] RTC time: 10:50:37, date: 10/03/18
[    0.079030] NET: Registered protocol family 16
[    0.080058] audit: initializing netlink subsys (disabled)
[    0.080683] audit: type=2000 audit(1538563841.145:1): state=initialized audit_enabled=0 res=1
[    0.080989] cpuidle: using governor ladder
[    0.080989] cpuidle: using governor menu
[    0.084026] ACPI: bus type PCI registered
[    0.084508] acpiphp: ACPI Hot Plug PCI Controller Driver version: 0.5
[    0.085278] PCI: Using configuration type 1 for base access
[    0.088059] HugeTLB registered 2.00 MiB page size, pre-allocated 0 pages
[    0.092070] ACPI: Added _OSI(Module Device)
[    0.092623] ACPI: Added _OSI(Processor Device)
[    0.096006] ACPI: Added _OSI(3.0 _SCP Extensions)
[    0.096615] ACPI: Added _OSI(Processor Aggregator Device)
[    0.097293] ACPI: Added _OSI(Linux-Dell-Video)
[    0.098074] ACPI: Executed 1 blocks of module-level executable AML code
[    0.102757] ACPI: Interpreter enabled
[    0.104012] ACPI: (supports S0 S5)
[    0.108002] ACPI: Using IOAPIC for interrupt routing
[    0.108849] PCI: Using host bridge windows from ACPI; if necessary, use "pci=nocrs" and report a bug
[    0.110153] ACPI: Enabled 2 GPEs in block 00 to 07
[    0.115540] ACPI: PCI Root Bridge [PCI0] (domain 0000 [bus 00-ff])
[    0.116006] acpi PNP0A03:00: _OSC: OS supports [ASPM ClockPM Segments MSI]
[    0.116940] acpi PNP0A03:00: _OSC: not requesting OS control; OS requires [ExtendedConfig ASPM ClockPM MSI]
[    0.120011] acpi PNP0A03:00: fail to add MMCONFIG information, can't access extended PCI configuration space under this bridge.
[    0.124256] PCI host bridge to bus 0000:00
[    0.128004] pci_bus 0000:00: root bus resource [io  0x0000-0x0cf7 window]
[    0.132010] pci_bus 0000:00: root bus resource [io  0x0d00-0xffff window]
[    0.133055] pci_bus 0000:00: root bus resource [mem 0x000a0000-0x000bffff window]
[    0.134289] pci_bus 0000:00: root bus resource [mem 0x80000000-0xffdfffff window]
[    0.136010] pci_bus 0000:00: root bus resource [bus 00-ff]
[    0.141878] pci 0000:00:01.1: legacy IDE quirk: reg 0x10: [io  0x01f0-0x01f7]
[    0.144007] pci 0000:00:01.1: legacy IDE quirk: reg 0x14: [io  0x03f6]
[    0.148003] pci 0000:00:01.1: legacy IDE quirk: reg 0x18: [io  0x0170-0x0177]
[    0.148889] pci 0000:00:01.1: legacy IDE quirk: reg 0x1c: [io  0x0376]
[    0.172814] pci 0000:00:07.0: quirk: [io  0x4000-0x403f] claimed by PIIX4 ACPI
[    0.176012] pci 0000:00:07.0: quirk: [io  0x4100-0x410f] claimed by PIIX4 SMB
[    0.186900] ACPI: PCI Interrupt Link [LNKA] (IRQs 5 9 10 *11)
[    0.188253] ACPI: PCI Interrupt Link [LNKB] (IRQs 5 9 10 *11)
[    0.189075] ACPI: PCI Interrupt Link [LNKC] (IRQs 5 9 *10 11)
[    0.189903] ACPI: PCI Interrupt Link [LNKD] (IRQs 5 *9 10 11)
[    0.192339] SCSI subsystem initialized
[    0.192908] pci 0000:00:02.0: vgaarb: setting as boot VGA device
[    0.192908] pci 0000:00:02.0: vgaarb: VGA device added: decodes=io+mem,owns=io+mem,locks=none
[    0.196007] pci 0000:00:02.0: vgaarb: bridge control possible
[    0.196772] vgaarb: loaded
[    0.197190] ACPI: bus type USB registered
[    0.197765] usbcore: registered new interface driver usbfs
[    0.198493] usbcore: registered new interface driver hub
[    0.199215] usbcore: registered new device driver usb
[    0.200042] EDAC MC: Ver: 3.0.0
[    0.200631] PCI: Using ACPI for IRQ routing
[    0.200805] NetLabel: Initializing
[    0.201292] NetLabel:  domain hash size = 128
[    0.201880] NetLabel:  protocols = UNLABELED CIPSOv4 CALIPSO
[    0.204015] NetLabel:  unlabeled traffic allowed by default
[    0.204776] clocksource: Switched to clocksource kvm-clock
[    0.213439] VFS: Disk quotas dquot_6.6.0
[    0.242402] VFS: Dquot-cache hash table entries: 512 (order 0, 4096 bytes)
[    0.303113] AppArmor: AppArmor Filesystem Enabled
[    0.303757] pnp: PnP ACPI init
[    0.304920] pnp: PnP ACPI: found 3 devices
[    0.313284] clocksource: acpi_pm: mask: 0xffffff max_cycles: 0xffffff, max_idle_ns: 2085701024 ns
[    0.351513] NET: Registered protocol family 2
[    0.352265] TCP established hash table entries: 16384 (order: 5, 131072 bytes)
[    0.353255] TCP bind hash table entries: 16384 (order: 6, 262144 bytes)
[    0.354528] TCP: Hash tables configured (established 16384 bind 16384)
[    0.391154] UDP hash table entries: 1024 (order: 3, 32768 bytes)
[    0.391919] UDP-Lite hash table entries: 1024 (order: 3, 32768 bytes)
[    0.392779] NET: Registered protocol family 1
[    0.393362] pci 0000:00:00.0: Limiting direct PCI/PCI transfers
[    0.394148] pci 0000:00:01.0: Activating ISA DMA hang workarounds
[    0.394995] pci 0000:00:02.0: Video device with shadowed ROM at [mem 0x000c0000-0x000dffff]
[    0.396155] Unpacking initramfs...
[    0.638229] Freeing initrd memory: 18964K
[    0.721711] platform rtc_cmos: registered platform RTC device (no PNP device found)
[    0.753752] Scanning for low memory corruption every 60 seconds
[    0.754982] Initialise system trusted keyrings
[    0.793389] Key type blacklist registered
[    0.794059] workingset: timestamp_bits=36 max_order=19 bucket_order=0
[    0.795650] zbud: loaded
[    0.796423] squashfs: version 4.0 (2009/01/31) Phillip Lougher
[    0.798508] fuse init (API version 7.26)
[    0.800815] Key type asymmetric registered
[    0.801387] Asymmetric key parser 'x509' registered
[    0.802061] Block layer SCSI generic (bsg) driver version 0.4 loaded (major 246)
[    0.803140] io scheduler noop registered
[    0.803705] io scheduler deadline registered
[    0.804358] io scheduler cfq registered (default)
[    0.805298] ACPI: AC Adapter [AC] (on-line)
[    0.837653] input: Power Button as /devices/LNXSYSTM:00/LNXPWRBN:00/input/input0
[    0.838720] ACPI: Power Button [PWRF]
[    0.839284] input: Sleep Button as /devices/LNXSYSTM:00/LNXSLPBN:00/input/input1
[    0.840275] ACPI: Sleep Button [SLPF]
[    0.841568] ACPI: Battery Slot [BAT0] (battery present)
[    0.842451] Serial: 8250/16550 driver, 32 ports, IRQ sharing enabled
[    0.864726] 00:02: ttyS0 at I/O 0x3f8 (irq = 4, base_baud = 115200) is a 16550A
[    0.934630] Linux agpgart interface v0.103
[    0.995772] loop: module loaded
[    1.025807] scsi host0: ata_piix
[    1.026315] scsi host1: ata_piix
[    1.026743] ata1: PATA max UDMA/33 cmd 0x1f0 ctl 0x3f6 bmdma 0xd000 irq 14
[    1.027478] ata2: PATA max UDMA/33 cmd 0x170 ctl 0x376 bmdma 0xd008 irq 15
[    1.028320] libphy: Fixed MDIO Bus: probed
[    1.029887] tun: Universal TUN/TAP device driver, 1.6
[    1.030579] PPP generic driver version 2.4.2
[    1.080461] ehci_hcd: USB 2.0 'Enhanced' Host Controller (EHCI) Driver
[    1.081193] ehci-pci: EHCI PCI platform driver
[    1.081726] ehci-platform: EHCI generic platform driver
[    1.082329] ohci_hcd: USB 1.1 'Open' Host Controller (OHCI) Driver
[    1.084329] ohci-pci: OHCI PCI platform driver
[    1.084863] ohci-platform: OHCI generic platform driver
[    1.085466] uhci_hcd: USB Universal Host Controller Interface driver
[    1.086245] i8042: PNP: PS/2 Controller [PNP0303:PS2K,PNP0f03:PS2M] at 0x60,0x64 irq 1,12
[    1.087590] serio: i8042 KBD port at 0x60,0x64 irq 1
[    1.088206] serio: i8042 AUX port at 0x60,0x64 irq 12
[    1.088959] mousedev: PS/2 mouse device common for all mice
[    1.201424] rtc_cmos rtc_cmos: rtc core: registered rtc_cmos as rtc0
[    1.249601] input: AT Translated Set 2 keyboard as /devices/platform/i8042/serio0/input/input2
[    1.250720] rtc_cmos rtc_cmos: alarms up to one day, 114 bytes nvram
[    1.251660] i2c /dev entries driver
[    1.252211] device-mapper: uevent: version 1.0.3
[    1.252932] device-mapper: ioctl: 4.37.0-ioctl (2017-09-20) initialised: dm-devel@redhat.com
[    1.254121] ledtrig-cpu: registered to indicate activity on CPUs
[    1.255307] NET: Registered protocol family 10
[    1.259939] Segment Routing with IPv6
[    1.290577] NET: Registered protocol family 17
[    1.291277] Key type dns_resolver registered
[    1.292074] RAS: Correctable Errors collector initialized.
[    1.292801] sched_clock: Marking stable (1292046907, 0)->(3593859273, -2301812366)
[    1.294749] registered taskstats version 1
[    1.295345] Loading compiled-in X.509 certificates
[    1.297839] Loaded X.509 cert 'Build time autogenerated kernel key: b2b2adbda3eef7b219e699c1b87c022096150517'
[    1.410900] zswap: loaded using pool lzo/zbud
[    1.475257] Key type big_key registered
[    1.527606] Key type trusted registered
[    1.579107] Key type encrypted registered
[    1.616290] AppArmor: AppArmor sha1 policy hashing enabled
[    1.660366] ima: No TPM chip found, activating TPM-bypass! (rc=-19)
[    1.661192] evm: HMAC attrs: 0x1
[    1.661799]   Magic number: 6:97:830
[    1.662421] rtc_cmos rtc_cmos: setting system clock to 2018-10-03 10:50:40 UTC (1538563840)
[    1.664866] BIOS EDD facility v0.16 2004-Jun-25, 0 devices found
[    1.665660] EDD information not available.
[    1.668433] Freeing unused kernel memory: 2408K
[    1.724385] Write protecting the kernel read-only data: 20480k
[    1.726807] Freeing unused kernel memory: 2008K
[    1.728705] tsc: Refined TSC clocksource calibration: 2905.171 MHz
[    1.729505] clocksource: tsc: mask: 0xffffffffffffffff max_cycles: 0x29e057be135, max_idle_ns: 440795279390 ns
[    1.734510] Freeing unused kernel memory: 1900K
[    1.739530] x86/mm: Checked W+X mappings: passed, no W+X pages found.
[    1.740447] x86/mm: Checking user space page tables
[    1.745564] x86/mm: Checked W+X mappings: passed, no W+X pages found.
Loading, please wait...
starting version 237
[    1.794165] e1000: Intel(R) PRO/1000 Network Driver - version 7.3.21-k8-NAPI
[    1.831213] e1000: Copyright (c) 1999-2006 Intel Corporation.
[    1.839411] Fusion MPT base driver 3.04.20
[    1.990622] Copyright (c) 1999-2008 LSI Corporation
[    2.116260] Fusion MPT SPI Host driver 3.04.20
[    2.216654] AVX version of gcm_enc/dec engaged.
[    2.224638] AES CTR mode by8 optimization enabled
[    2.433852] input: ImExPS/2 Generic Explorer Mouse as /devices/platform/i8042/serio1/input/input4
[    2.527356] e1000 0000:00:03.0 eth0: (PCI:33MHz:32-bit) 02:31:bc:f6:46:dd
[    2.685862] e1000 0000:00:03.0 eth0: Intel(R) PRO/1000 Network Connection
[    2.826143] e1000 0000:00:03.0 enp0s3: renamed from eth0
[    2.829603] mptbase: ioc0: Initiating bringup
[    2.924547] ioc0: LSI53C1030 A0: Capabilities={Initiator}
[    3.269318] scsi host2: ioc0: LSI53C1030 A0, FwRev=00000000h, Ports=1, MaxQ=256, IRQ=20
[    3.440813] scsi 2:0:0:0: Direct-Access     VBOX     HARDDISK         1.0  PQ: 0 ANSI: 5
[    3.478420] scsi target2:0:0: Beginning Domain Validation
[    3.485883] scsi target2:0:0: Domain Validation skipping write tests
[    3.486700] scsi target2:0:0: Ending Domain Validation
[    3.527537] scsi target2:0:0: asynchronous
[    3.529314] scsi 2:0:1:0: Direct-Access     VBOX     HARDDISK         1.0  PQ: 0 ANSI: 5
[    3.565876] scsi target2:0:1: Beginning Domain Validation
[    3.713363] random: fast init done
[    3.778022] scsi target2:0:1: Domain Validation skipping write tests
[    3.778854] scsi target2:0:1: Ending Domain Validation
[    3.779554] scsi target2:0:1: asynchronous
[    3.782327] random: systemd-udevd: uninitialized urandom read (16 bytes read)
[    3.845369] sd 2:0:0:0: Attached scsi generic sg0 type 0
[    4.000558] random: systemd-udevd: uninitialized urandom read (16 bytes read)
[    4.000563] random: systemd-udevd: uninitialized urandom read (16 bytes read)
[    4.070780] sd 2:0:0:0: [sda] 20971520 512-byte logical blocks: (10.7 GB/10.0 GiB)
[    4.091835] sd 2:0:1:0: Attached scsi generic sg1 type 0
[    4.092628] sd 2:0:0:0: [sda] Write Protect is off
[    4.092664] sd 2:0:1:0: [sdb] 20480 512-byte logical blocks: (10.5 MB/10.0 MiB)
[    4.252668] sd 2:0:1:0: [sdb] Write Protect is off
[    4.252777] sd 2:0:0:0: [sda] Incomplete mode parameter data
[    4.252778] sd 2:0:0:0: [sda] Assuming drive cache: write through
[    4.363791]  sda: sda1
[    4.364361] sd 2:0:0:0: [sda] Attached SCSI disk
[    4.368831] sd 2:0:1:0: [sdb] Incomplete mode parameter data
[    4.369458] sd 2:0:1:0: [sdb] Assuming drive cache: write through
[    4.371671] sd 2:0:1:0: [sdb] Attached SCSI disk
Begin: Loading essential drivers[    5.768396] raid6: sse2x1   gen() 10957 MB/s
 ... [    5.936364] raid6: sse2x1   xor()  7884 MB/s
[    6.090502] raid6: sse2x2   gen() 14447 MB/s
[    6.200479] raid6: sse2x2   xor() 10004 MB/s
[    6.270499] raid6: sse2x4   gen() 16560 MB/s
[    6.420541] raid6: sse2x4   xor()  9755 MB/s
[    6.424550] raid6: using algorithm sse2x4 gen() 16560 MB/s
[    6.425289] raid6: .... xor() 9755 MB/s, rmw enabled
[    6.425976] raid6: using ssse3x2 recovery algorithm
[    6.427612] xor: automatically using best checksumming function   avx       
[    6.432330] async_tx: api initialized (async)
done.
Begin: Running /scripts/init-premount ... done.
Begin: Mounting root file system ... Begin: Running /scripts/local-top ... done.
Begin: Running /scripts/local-premount ... [    6.474156] Btrfs loaded, crc32c=crc32c-intel
Scanning for Btrfs filesystems
done.
Warning: [    6.503503] EXT4-fs (sda1): mounted filesystem with ordered data mode. Opts: (null)
fsck not present, so skipping root file system
done.
Begin: Running /scripts/local-bottom ... done.
Begin: Running /scripts/init-bottom ... done.
[    6.640480] ip_tables: (C) 2000-2006 Netfilter Core Team
[    6.651702] systemd[1]: systemd 237 running in system mode. (+PAM +AUDIT +SELINUX +IMA +APPARMOR +SMACK +SYSVINIT +UTMP +LIBCRYPTSETUP +GCRYPT +GNUTLS +ACL +XZ +LZ4 +SECCOMP +BLKID +ELFUTILS +KMOD -IDN2 +IDN -PCRE2 default-hierarchy=hybrid)
[    7.181283] systemd[1]: Detected virtualization oracle.
[    7.299771] systemd[1]: Detected architecture x86-64.

Welcome to [1mUbuntu 18.04.1 LTS[0m!

[    7.448637] systemd[1]: Set hostname to <ubuntu>.
[    7.572977] systemd[1]: Initializing machine ID from random generator.
[    7.771202] systemd[1]: Installed transient /etc/machine-id file.
[    8.083761] systemd[1]: Created slice User and Session Slice.
[[0;32m  OK  [0m] Created slice User and Session Slice.
[    8.134897] systemd[1]: Reached target Swap.
[[0;32m  OK  [0m] Reached target Swap.
[    8.135962] systemd[1]: Reached target System Time Synchronized.
[[0;32m  OK  [0m] Reached target System Time Synchronized.
[    8.148412] systemd[1]: Reached target User and Group Name Lookups.
[[0;32m  OK  [0m] Reached target User and Group Name Lookups.
[[0;32m  OK  [0m] Started Forward Password Requests to Wall Directory Watch.
[[0;32m  OK  [0m] Created slice System Slice.
[[0;32m  OK  [0m] Listening on Device-mapper event daemon FIFOs.
[[0;32m  OK  [0m] Listening on /dev/initctl Compatibility Named Pipe.
[[0;32m  OK  [0m] Listening on LVM2 metadata daemon socket.
[[0;32m  OK  [0m] Listening on udev Kernel Socket.
[[0;32m  OK  [0m] Listening on LVM2 poll daemon socket.
[[0;32m  OK  [0m] Listening on Syslog Socket.
[[0;32m  OK  [0m] Listening on udev Control Socket.
[[0;32m  OK  [0m] Listening on Journal Socket.
         Mounting Huge Pages File System...
         Starting Create list of required stâ€¦ce nodes for the current kernel...
         Startin[    8.498108] EXT4-fs (sda1): re-mounted. Opts: (null)
g Remount Root and Kernel File Systems...
         Starting Uncomplicated firewall...
         Mounting POSIX Message Queue File System...
         Starting udev Coldplug all Devices...
         Starting Monitoring of LVM2 mirrorsâ€¦ng dmeventd or progress polling...
[[0;32m  OK  [0m] Reached target Slices.
         Mounting Kernel Debug File System...
[[0;32m  OK  [0m] Listening on Journal Socket (/dev/log).
         Starting Load Kernel Modules...
         Starting Set the console keyboard layout...
[[0;32m  OK  [0m] Listening on Journal Audit Socket.
         Starting Journal Service...
[[0;32m  OK  [0m] Set up automount Arbitrary Executabâ€¦rmats File System Automount Point.
[[0;32m  OK  [0m] Listening on Network Service Netlink Socket.
[[0;32m  OK  [0m] Created slice system-serial\x2dgetty.slice.
[[0;32m  OK  [0m] Started Journal Service.
[[0;32m  OK  [0m] Mounted Huge Pages File System.
[[0;32m  OK  [0m] Started Create list of required staâ€¦vice nodes for the current kernel.
[[0;32m  OK  [0m] Started Remo[    8.955045] Loading iSCSI transport class v2.0-870.
unt Root and Kernel File Systems.
[[0;32m  OK  [0m] Started Uncomplicated firewall.
[[0;32m  OK  [0m] Mounted POSIX Message Queue File System.
[[0;32m  OK  [0m] Mounted Kern[    9.058776] iscsi: registered transport (tcp)
el Debug File System.
[[0;32m  OK  [0m] Started udev Coldplug all Devices.
[[0;32m  OK  [0m] Started LVM2 metadata daemon.
[    9.133374] iscsi: registered transport (iser)
[    9.154817] random: crng init done
[    9.295470] random: 7 urandom warning(s) missed due to ratelimiting
         Starting Initial cloud-init job (pre-networking)...
         Starting Load/Save Random Seed...
         Starting Create Static Device Nodes in /dev...
         Starting Flush Journal to Persistent Storage...
[[0;32m  OK  [0m] Started Monitoring of LVM2 mirrors,â€¦sing dmeventd or progress polling.
[[0;32m  OK  [0m] Started Load Kernel Modules.
         Starting Apply Kernel Variables...
         Mounting Kernel Configuration File System...
         Mounting FUSE Control File System...
[[0;32m  OK  [0m] Started Set the console keyboard layout.
[[0;32m  OK  [0m] Started Load/Save Random Seed.
[[0;32m  OK  [0m] Started Create Static Device Nodes in /dev.
[[0;32m  OK  [0m] Started Apply Kernel Variables.
[[0;32m  OK  [0m] Mounted Kernel Configuration File System.
[[0;32m  OK  [0m] Mounted FUSE Control File System.
         Starting udev Kernel Device Manager...
[[0;32m  OK  [0m] Reached target Local File Systems (Pre).
[[0;32m  OK  [0m] Reached target Local File Systems.
         Starting AppArmor initialization...
         Starting ebtables ruleset management...
         Starting Commit a transient machine-id on disk...
         Starting Set console font and keymap...
         Starting Tell Plymouth To Write Out Runtime Data...
[[0;32m  OK  [0m] Started udev Kernel Device Manager.
[[0;32m  OK  [0m] Started Commit a transient machine-id on disk.
[[0;32m  OK  [0m] Started Set console font and keymap.
[[0;32m  OK  [0m] Started Tell Plymouth To Write Out Runtime Data.
[[0;32m  OK  [0m] Started Dispatch Password Requests to Console Directory Watch.
[[0;32m  OK  [0m] Reached target Local Encrypted Volumes.
[[0;32m  OK  [0m] Started Flush Journal to Persistent Storage.
[[0;32m  OK  [0m] Started ebtables ruleset management.
[[0;32m  OK  [0m] Found device /dev/ttyS0.
         Starting Create Volatile Files and Directories...
[[0;32m  OK  [0m] Started Create Volatile Files and Directories.
         Starting Update UTMP about System Boot/Shutdown...
[[0;32m  OK  [0m] Listening on Load/Save RF Kill Switch Status /dev/rfkill Watch.
[[0;32m  OK  [0m] Started Update UTMP about System Boot/Shutdown.
[[0;32m  OK  [0m] Started AppArmor initialization.
[   10.953553] cloud-init[416]: Cloud-init v. 18.3-9-g2e62cb8a-0ubuntu1~18.04.2 running 'init-local' at Wed, 03 Oct 2018 10:50:49 +0000. Up 10.46 seconds.
[[0;32m  OK  [0m] Started Initial cloud-init job (pre-networking).
[[0;32m  OK  [0m] Reached target Network (Pre).
         Starting Network Service...
[[0;32m  OK  [0m] Started Network Service.
         Starting Network Name Resolution...
         Starting Wait for Network to be Configured...
[[0;32m  OK  [0m] Started Network Name Resolution.
[[0;32m  OK  [0m] Reached target Network.
[[0;32m  OK  [0m] Reached target Host and Network Name Lookups.
[[0;32m  OK  [0m] Started Wait for Network to be Configured.
         Starting Initial cloud-init job (metadata service crawler)...
[   13.859607] cloud-init[644]: Cloud-init v. 18.3-9-g2e62cb8a-0ubuntu1~18.04.2 running 'init' at Wed, 03 Oct 2018 10:50:51 +0000. Up 12.97 seconds.
[   13.870293] cloud-init[644]: ci-info: ++++++++++++++++++++++++++++++++++++++Net device info++++++++++++++++++++++++++++++++++++++
[   13.879301] cloud-init[644]: ci-info: +--------+------+----------------------------+---------------+--------+-------------------+
[   13.881591] cloud-init[644]: ci-info: | Device |  Up  |          Address           |      Mask     | Scope  |     Hw-Address    |
[[0;32m  OK  [0m[   13.912163] ] cloud-initStarted Initial cloud-init job (metadata service crawler).[644]: 
ci-info: +--------+------+----------------------------+---------------+--------+-------------------+
[[   13.919978] cloud-init[644]: ci-info: | enp0s3 | True |         10.0.2.15          | 255.255.255.0 | global | 02:31:bc:f6:46:dd |
[   13.920118] cloud-init[644]: ci-info: | enp0s3 | True | fe80::31:bcff:fef6:46dd/64 |       .       |  link  | 02:31:bc:f6:46:dd |
[0;32m  OK  [0m] Reached target System Initialization.
[   13.920193] cloud-init[644]: ci-info: |   lo   | True |         127.0.0.1          |   255.0.0.0   |  host  |         .         |
[[   13.981157] cloud-init[644]: ci-info: |   lo   | True |          ::1/128           |       .       |  host  |         .         |
[   13.981220] cloud-init[644]: ci-info: +--------+------+----------------------------+---------------+--------+-------------------+
[   13.981337] cloud-init[644]: ci-info: ++++++++++++++++++++++++++++Route IPv4 info+++++++++++++++++++++++++++++
[   13.981452] cloud-init[644]: ci-info: +-------+-------------+----------+-----------------+-----------+-------+
[   13.981571] cloud-init[644]: ci-info: | Route | Destination | Gateway  |     Genmask     | Interface | Flags |
[   13.981696] cloud-init[644]: ci-info: +-------+-------------+----------+-----------------+-----------+-------+
[   13.981819] cloud-init[644]: ci-info: |   0   |   0.0.0.0   | 10.0.2.2 |     0.0.0.0     |   enp0s3  |   UG  |
[   13.981937] cloud-init[644]: ci-info: |   1   |   10.0.2.0  | 0.0.0.0  |  255.255.255.0  |   enp0s3  |   U   |
[   13.982060] cloud-init[644]: ci-info: |   2   |   10.0.2.2  | 0.0.0.0  | 255.255.255.255 |   enp0s3  |   UH  |
[   13.982183] cloud-init[644]: ci-info: +-------+-------------+----------+-----------------+-----------+-------+
[   13.982305] cloud-init[644]: ci-info: +++++++++++++++++++Route IPv6 info+++++++++++++++++++
[   13.982426] cloud-init[644]: ci-info: +-------+-------------+---------+-----------+-------+
[   13.982547] cloud-init[644]: ci-info: | Route | Destination | Gateway | Interface | Flags |
[   13.982666] cloud-init[644]: ci-info: +-------+-------------+---------+-----------+-------+
[   13.982920] cloud-init[644]: ci-info: |   1   |  fe80::/64  |    ::   |   enp0s3  |   U   |
[   13.983055] cloud-init[644]: ci-info: |   3   |    local    |    ::   |   enp0s3  |   U   |
[   13.983162] cloud-init[644]: ci-info: |   4   |   ff00::/8  |    ::   |   enp0s3  |   U   |
[   13.983284] cloud-init[644]: ci-info: +-------+-------------+---------+-----------+-------+
[   13.983405] cloud-init[644]: Generating public/private rsa key pair.
[   13.983525] cloud-init[644]: Your identification has been saved in /etc/ssh/ssh_host_rsa_key.
[   13.983647] cloud-init[644]: Your public key has been saved in /etc/ssh/ssh_host_rsa_key.pub.
[   13.983765] cloud-init[644]: The key fingerprint is:
[   13.983895] cloud-init[644]: SHA256:/8M3cKcTCbV0WJX+dADwPVKlx70NvEo07bIYLwwx48Y root@ubuntu-bionic
[   13.984017] cloud-init[644]: The key's randomart image is:
[   13.984261] cloud-init[644]: +---[RSA 2048]----+
[   13.984379] cloud-init[644]: |          .....+*|
[   13.984502] cloud-init[644]: |           . ==+o|
[   13.984624] cloud-init[644]: |        +   =oO++|
[   13.984746] cloud-init[644]: |       o + ..+.*=|
[   13.984867] cloud-init[644]: |        E . o.o++|
[   13.984989] cloud-init[644]: |       . + =.++ o|
[   13.985110] cloud-init[644]: |          =.+o + |
[   13.985234] cloud-init[644]: |           oo =  |
[   13.985352] cloud-init[644]: |            .o o |
[   13.985472] cloud-init[644]: +----[SHA256]-----+
[   13.985596] cloud-init[644]: Generating public/private dsa key pair.
[   13.985717] cloud-init[644]: Your identification has been saved in /etc/ssh/ssh_host_dsa_key.
[   13.985836] cloud-init[644]: Your public key has been saved in /etc/ssh/ssh_host_dsa_key.pub.
[   13.985957] cloud-init[644]: The key fingerprint is:
[   13.986079] cloud-init[644]: SHA256:8JOv0DNeyuJKQew/TdiFGu16Q3+0uaSpe1I+LaDczKA root@ubuntu-bionic
[   13.986200] cloud-init[644]: The key's randomart image is:
[   13.986321] cloud-init[644]: +---[DSA 1024]----+
[   13.986426] cloud-init[0;32m  OK  [0m[644]: |                 |
] Started Discard unused blocks once a week.
[   13.986460] cloud-init[644]: |   .   . .       |
[[   14.102145] cloud-init[644]: |    o o o .      |
[   14.102216] cloud-init[644]: |   o   O o       |
[   14.102341] cloud-init[644]: |    o o S   .    |
[   14.102451] cloud-init[644]: |     o.*.+.. o   |
[   14.102571] cloud-init[644]: |    .o=*B++.=    |
[   14.102689] cloud-init[644]: |   .E +*=B==..   |
[   14.102939] cloud-init[644]: |    .o..B=oo.    |
[   14.103056] cloud-init[644]: +----[SHA256]-----+
[   14.103174] cloud-init[644]: Generating public/private ecdsa key pair.
[   14.103296] cloud-init[644]: Your identification has been saved in /etc/ssh/ssh_host_ecdsa_key.
[   14.103417] cloud-init[644]: Your public key has been saved in /etc/ssh/ssh_host_ecdsa_key.pub.
[   14.103538] cloud-init[644]: The key fingerprint is:
[   14.103659] cloud-init[644]: SHA256:DqFrUc7kjDdlb4dy7aSeRa7OwoKS9wyV1Mdim6vk4mA root@ubuntu-bionic
[   14.103779] cloud-init[644]: The key's randomart image is:
[   14.103900] cloud-init[644]: +---[ECDSA 256]---+
[   14.104046] cloud-init[644]: |                 |
[   14.104146] cloud-init[644]: |       . .       |
[   14.104272] cloud-init[644]: |      = * o      |
[   14.104387] cloud-init[644]: |     @ * * o     |
[   14.104504] cloud-init[644]: |    + @ S = =    |
[   14.104627] cloud-init[644]: |     = + = B     |
[   14.104749] cloud-init[644]: |  E.+...o . +    |
[   14.104865] cloud-init[644]: | .oo+=..oo +     |
[   14.104985] cloud-init[644]: |   +.o=. o*      |
[   14.105105] cloud-init[644]: +----[SHA256]-----+
[   14.105228] cloud-init[644]: Generating public/private ed25519 key pair.
[   14.105346] cloud-init[644]: Your identification has been saved in /etc/ssh/ssh_host_ed25519_key.
[0;32m  OK  [0m] Started Daily apt download activities.
[   14.105609] cloud-init[644]: Your public key has been saved in /etc/ssh/ssh_host_ed25519_key.pub.
[[   14.436593] cloud-init[644]: The key fingerprint is:
[   14.436753] cloud-init[644]: SHA256:JAB39a+aTxEAbtPQMsMgFb1o2psWRcQmicgVjH5WGwE root@ubuntu-bionic
[0;32m  OK  [0m] Started Message of the Day.
[   14.436844] cloud-init[644]: The key's randomart image is:
[   14.451759] cloud-init[644]: +--[ED25519 256]--+
[   14.453926] cloud-init[644]: |..*EOX*+o        |
         Starting Socket activation for snappy daemon.
[   14.456258] [cloud-init[0;32m  OK  [0m[644]: ] |.o.+o*Xo.o       |Started Daily Cleanup of Temporary Directories.

[[0;32m  OK  [0m] Started Daily apt upgrade and clean activities.
[   14.489043] [cloud-init[0;32m  OK  [0m[644]: ] |.   .=B=o o      |Reached target Timers.

[   14.491272] [cloud-init[0;32m  OK  [0m[644]: ] | . oooo+   o     |
Listening on D-Bus System Message Bus Socket.
[   14.493424] cloud-init[644]: |  o+ .  S . .    |
[   14.495223] cloud-init[644]: |  . o      o     |
[   14.498107] cloud-init[644]: |     +    o      |
         Starting LXD - unix socket.
[   14.524660] [cloud-init[0;32m  OK  [0m[644]: ] |    +    +       |Listening on UUID daemon activation socket.

[[0;32m  OK  [0m] Started ACPI Events Check.
[[0;32m  OK  [0m] Reached target Paths.
[   14.629000] cloud-init[644]: |   .    o..      |
[[0;32m  OK  [0m] Listening on ACPID Listen Socket.
[   14.708436] cloud-init[644]: +----[SHA256]-----+
[[0;32m  OK  [0m] Reached target Network is Online.
         Starting iSCSI initiator daemon (iscsid)...
[[0;32m  OK  [0m] Reached target Cloud-config availability.
[[0;32m  OK  [0m] Listening on Socket activation for snappy daemon.
[[0;32m  OK  [0m] Listening on LXD - unix socket.
[[0;32m  OK  [0m] Reached target Sockets.
[[0;32m  OK  [0m] Reached target Basic System.
         Starting Virtualbox guest utils...
[[0;32m  OK  [0m] Started D-Bus System Message Bus.
         Starting Dispatcher daemon for systemd-networkd...
         Starting Login Service...
         Starting System Logging Service...
         Starting Pollinate to seed the pseudo random number generator...
         Starting Accounts Service...
         Starting Snappy daemon...
[[0;32m  OK  [0m] Started irqbalance daemon.
[[0;32m  OK  [0m] Started Deferred execution scheduler.
[[0;32m  OK  [0m] Started Regular background program processing daemon.
[[0;32m  OK  [0m] Started Unattended Upgrades Shutdown.
         Starting LXD - container startup/shutdown...
[[0;32m  OK  [0m] Started FUSE filesystem for LXC.
         Starting LSB: Record successful boot for GRUB...
[[0;32m  OK  [0m] Started System Logging Service.
[[0;32m  OK  [0m] Started Dispatcher daemon for systemd-networkd.
[[0;32m  OK  [0m] Started Login Service.
         Starting Authorization Manager...
[[0;32m  OK  [0m] Started Snappy daemon.
[[0;32m  OK  [0m] Started LXD - container startup/shutdown.
[[0;32m  OK  [0m] Started iSCSI initiator daemon (iscsid).
[[0;32m  OK  [0m] Started Authorization Manager.
[[0;32m  OK  [0m] Started Accounts Service.
[[0;32m  OK  [0m] Reached target Remote File Systems (Pre).
[[0;32m  OK  [0m] Reached target Remote File Systems.
         Starting LSB: automatic crash report generation...
         Starting Permit User Sessions...
         Starting Availability of block devices...
         Starting Wait until snapd is fully seeded...
[[0;32m  OK  [0m] Started Virtualbox guest utils.
[[0;32m  OK  [0m] Started LSB: Record successful boot for GRUB.
[[0;32m  OK  [0m] Started Permit User Sessions.
[[0;32m  OK  [0m] Started Availability of block devices.
         Starting Terminate Plymouth Boot Screen...
         Starting Hold until boot process finishes up...
[[0;32m  OK  [0m] Started Terminate Plymouth Boot Screen.
[[0;32m  OK  [0m] Started Pollinate to seed the pseudo random number generator.
[[0;32m  OK  [0m] Started Hold until boot process finishes up.
         Starting Set console scheme...
[[0;32m  OK  [0m] Started Serial Getty on ttyS0.
         Starting OpenBSD Secure Shell server...
[[0;32m  OK  [0m] Started LSB: automatic crash report generation.
[[0;32m  OK  [0m] Started Set console scheme.
[[0;32m  OK  [0m] Created slice system-getty.slice.
[[0;32m  OK  [0m] Started Getty on tty1.
[[0;32m  OK  [0m] Reached target Login Prompts.
[[0;32m  OK  [0m] Started OpenBSD Secure Shell server.
[[0;32m  OK  [0m] Started Wait until snapd is fully seeded.
         Starting Apply the settings specified in cloud-config...
[[0;32m  OK  [0m] Reached target Multi-User System.
[[0;32m  OK  [0m] Reached target Graphical Interface.
         Starting Update UTMP about System Runlevel Changes...
[[0;32m  OK  [0m] Started Update UTMP about System Runlevel Changes.
[[0;32m  OK  [0m] Created slice User Slice of vagrant.
         Starting User Manager for UID 1000...
[[0;32m  OK  [0m] Started Session 1 of user vagrant.
[[0;32m  OK  [0m] Started User Manager for UID 1000.
[   17.335268] cloud-init[1241]: Cloud-init v. 18.3-9-g2e62cb8a-0ubuntu1~18.04.2 running 'modules:config' at Wed, 03 Oct 2018 10:50:55 +0000. Up 16.85 seconds.
[[0;32m  OK  [0m] Started Apply the settings specified in cloud-config.
         Starting Execute cloud user/final scripts...
ci-info: no authorized ssh keys fingerprints found for user ubuntu.
<14>Oct  3 10:50:56 ec2: 
<14>Oct  3 10:50:56 ec2: #############################################################
<14>Oct  3 10:50:56 ec2: -----BEGIN SSH HOST KEY FINGERPRINTS-----
<14>Oct  3 10:50:56 ec2: 1024 SHA256:8JOv0DNeyuJKQew/TdiFGu16Q3+0uaSpe1I+LaDczKA root@ubuntu-bionic (DSA)
<14>Oct  3 10:50:56 ec2: 256 SHA256:DqFrUc7kjDdlb4dy7aSeRa7OwoKS9wyV1Mdim6vk4mA root@ubuntu-bionic (ECDSA)
<14>Oct  3 10:50:56 ec2: 256 SHA256:JAB39a+aTxEAbtPQMsMgFb1o2psWRcQmicgVjH5WGwE root@ubuntu-bionic (ED25519)
<14>Oct  3 10:50:56 ec2: 2048 SHA256:/8M3cKcTCbV0WJX+dADwPVKlx70NvEo07bIYLwwx48Y root@ubuntu-bionic (RSA)
<14>Oct  3 10:50:56 ec2: -----END SSH HOST KEY FINGERPRINTS-----
<14>Oct  3 10:50:56 ec2: #############################################################
-----BEGIN SSH HOST KEY KEYS-----
ecdsa-sha2-nistp256 AAAAE2VjZHNhLXNoYTItbmlzdHAyNTYAAAAIbmlzdHAyNTYAAABBBLZqTwhfiGffECFW7LQ+RFWTRR1sxa+3Ax2y29Z7DbeaDmDHPIOAHrn0wouEUXERA8obTuBhdoOU80el8exqjDs= root@ubuntu-bionic
ssh-ed25519 AAAAC3NzaC1lZDI1NTE5AAAAILLvKjHjSFzVzuRosHZDVLThIBCl6DO0rmZ6FsI/WlIB root@ubuntu-bionic
ssh-rsa AAAAB3NzaC1yc2EAAAADAQABAAABAQDjoAyUC/og3CBjQ7NdFqPg7+kx2meq6sjfxd503CJppdviof4r9o3sIPDNZH4oy67U/zQDNT+XDWOHdNP34I/44y17xzuOS1BNckvXyv6fJnRMbCjpYyXWDoqxwS++SMkkU4Y7N0X6t+zN9tEfXy01fnO+jhpVdzn4SrFBoYjsB7NHRsEqJsQeKxDOJqv7nKSADOfHu3UnnJKg3rcPNNPtl/C76yzHocCxbhAbC3o97gJ4EXzq1rni0FO1BTQwwmujF86a/4CkU18FsBNDwHRDjhZFtHcb5pRJRDG6JU/UnG2U2gRdt0SWD//yKjaLG+oSvRyV8exq8jIs30Il2y6f root@ubuntu-bionic
-----END SSH HOST KEY KEYS-----
[   18.172307] cloud-init[1370]: Cloud-init v. 18.3-9-g2e62cb8a-0ubuntu1~18.04.2 running 'modules:final' at Wed, 03 Oct 2018 10:50:56 +0000. Up 17.78 seconds.
[[   18.242264] cloud-init[1370]: ci-info: no authorized ssh keys fingerprints found for user ubuntu.
[   18.242480] cloud-init[1370]: Cloud-init v. 18.3-9-g2e62cb8a-0ubuntu1~18.04.2 finished at Wed, 03 Oct 2018 10:50:56 +0000. Datasource DataSourceNoCloud [seed=/dev/sdb][dsmode=net].  Up 18.16 seconds
[0;32m  OK  [0m] Started Execute cloud user/final scripts.
[[0;32m  OK  [0m] Reached target Cloud-init target.

Ubuntu 18.04.1 LTS ubuntu-bionic ttyS0

ubuntu-bionic login: 